2026-09-07T15:39:17.1026772Z ^[[36;1m(grep -h CONFIG_ARM64_VA_BITS /boot/config-$(uname -r) 2>/dev/null || true)^[[0m
2026-09-07T15:39:17.1027122Z ^[[36;1mcat /proc/sys/vm/legacy_va_layout^[[0m
2026-09-07T15:39:17.1125124Z Linux runnervmejwal 6.17.0-1022-azure #22-Ubuntu SMP Mon Jul 27 17:24:03 UTC 2026 x86_64 x86_64 x86_64 GNU/Linux
2026-09-07T15:39:19.5181977Z ### Linux x86_64, openjdk version "21.0.12.1" 2026-08-18 LTS
2026-09-07T15:39:19.5238065Z    launcher (file): ELF 64-bit LSB pie executable, x86-64, version 1 (SYSV), dynamically linked, interpreter /lib64/ld-linux-x86-64.so.2, for GNU/Linux 2.6.32, BuildID[sha1]=05cc1812baf63f6d4005b554a268377dc256081c, not stripped
2026-09-07T15:39:19.5239274Z --- default
2026-09-07T15:39:26.7478475Z == probe: Linux x86_64 | OpenJDK 64-Bit Server VM 21.0.12.1+1-LTS (?) | stack rlimit limited | LD_PRELOAD=- | DYLD_INSERT_LIBRARIES=-
2026-09-07T15:39:26.7479135Z    launcher: PIE (ET_DYN)
2026-09-07T15:39:26.7479563Z    brk heap at 0x5647d3660000, this agent mapped at 0x7f5b682543d3, a stack var at 0x7f5b669130b0
2026-09-07T15:39:26.7479998Z    ids: 213068 from 18 threads, min 0x5647d32ab420 max 0x7f5b60223118
2026-09-07T15:39:26.7480280Z    low 3 bits: 0:213068 1:0 2:0 3:0 4:0 5:0 6:0 7:0
2026-09-07T15:39:26.7480534Z    bit47 set: 0  bit46 set: 213068  bit40 set: 199495
2026-09-07T15:39:26.7480942Z    regions: brk-heap 13573, anon-mmap 199495, file 0, stack 0, other 0, no-mapping 0
2026-09-07T15:39:26.7481586Z    thread 2308: 11880 ids, brk 8 anon 11872 other 0, bit47 set 0, first 0x5647d32cdca0 last 0x7f5b60223118
2026-09-07T15:39:26.7482267Z    thread 2324: 48 ids, brk 0 anon 48 other 0, bit47 set 0, first 0x7f5ab40013c0 last 0x7f5b601da598
2026-09-07T15:39:26.7482958Z    thread 2329: 11569 ids, brk 182 anon 11387 other 0, bit47 set 0, first 0x5647d32b3e18 last 0x7f5b6020dda8
2026-09-07T15:39:26.7483689Z    thread 2330: 11979 ids, brk 331 anon 11648 other 0, bit47 set 0, first 0x5647d32b55f8 last 0x7f5aa8347448
2026-09-07T15:39:26.7484652Z    thread 2331: 12453 ids, brk 220 anon 12233 other 0, bit47 set 0, first 0x5647d32b4300 last 0x7f5aa834e760
2026-09-07T15:39:26.7485470Z    thread 2332: 13182 ids, brk 252 anon 12930 other 0, bit47 set 0, first 0x5647d32d5e30 last 0x7f5aa8346a68
2026-09-07T15:39:26.7486527Z    thread 2333: 12700 ids, brk 281 anon 12419 other 0, bit47 set 0, first 0x5647d3310440 last 0x7f5aa8342858
2026-09-07T15:39:26.7487274Z    thread 2334: 13747 ids, brk 221 anon 13526 other 0, bit47 set 0, first 0x5647d32cefe0 last 0x7f5b602175e0
2026-09-07T15:39:26.7488028Z    thread 2335: 12448 ids, brk 261 anon 12187 other 0, bit47 set 0, first 0x5647d32cf430 last 0x7f5aa8346a88
2026-09-07T15:39:26.7488593Z    thread 2336: 13669 ids, brk 294 anon 13375 other 0, bit47 set 0, first 0x5647d32abbb8 last 0x7f5aa8346438
2026-09-07T15:39:26.7489077Z    thread 2337: 10990 ids, brk 225 anon 10765 other 0, bit47 set 0, first 0x5647d32b42f0 last 0x7f5aa834de88
2026-09-07T15:39:26.7489549Z    thread 2338: 14001 ids, brk 228 anon 13773 other 0, bit47 set 0, first 0x5647d32ab440 last 0x7f5b6021ccc8
2026-09-07T15:39:26.7490342Z --- ulimit -s unlimited (legacy mmap layout)
2026-09-07T15:39:28.5814115Z == probe: Linux x86_64 | OpenJDK 64-Bit Server VM 21.0.12.1+1-LTS (?) | stack rlimit unlimited | LD_PRELOAD=- | DYLD_INSERT_LIBRARIES=-
2026-09-07T15:39:28.5814832Z    launcher: PIE (ET_DYN)
2026-09-07T15:39:28.5815300Z    brk heap at 0x562c86320000, this agent mapped at 0x14c76416d3d3, a stack var at 0x14c7627fc0b0
2026-09-07T15:39:28.5815854Z    ids: 213068 from 18 threads, min 0x14c678002930 max 0x562c86302d20
2026-09-07T15:39:28.5816395Z    low 3 bits: 0:213068 1:0 2:0 3:0 4:0 5:0 6:0 7:0
2026-09-07T15:39:28.5816723Z    bit47 set: 0  bit46 set: 11772  bit40 set: 0
2026-09-07T15:39:28.5817152Z    regions: brk-heap 11772, anon-mmap 201296, file 0, stack 0, other 0, no-mapping 0
2026-09-07T15:39:28.5817742Z    thread 2347: 11880 ids, brk 8 anon 11872 other 0, bit47 set 0, first 0x14c6b0001670 last 0x562c85ed9cd8
2026-09-07T15:39:28.5818646Z    thread 2363: 48 ids, brk 0 anon 48 other 0, bit47 set 0, first 0x14c6b00013c0 last 0x14c75c1da628
2026-09-07T15:39:28.5819337Z    thread 2368: 15122 ids, brk 233 anon 14889 other 0, bit47 set 0, first 0x14c678054ee8 last 0x562c862f1508
2026-09-07T15:39:28.5819798Z    thread 2369: 12297 ids, brk 313 anon 11984 other 0, bit47 set 0, first 0x14c678031ef0 last 0x562c862f65f8
2026-09-07T15:39:28.5820258Z    thread 2370: 11921 ids, brk 129 anon 11792 other 0, bit47 set 0, first 0x14c678051d98 last 0x562c863023b8
2026-09-07T15:39:28.5820720Z    thread 2371: 13049 ids, brk 275 anon 12774 other 0, bit47 set 0, first 0x14c6780514f0 last 0x562c862f1528
2026-09-07T15:39:28.5821164Z    thread 2372: 11890 ids, brk 168 anon 11722 other 0, bit47 set 0, first 0x14c678074068 last 0x562c862fe538
2026-09-07T15:39:28.5821614Z    thread 2373: 13050 ids, brk 180 anon 12870 other 0, bit47 set 0, first 0x14c678038d80 last 0x562c86302738
2026-09-07T15:39:28.5822061Z    thread 2374: 12527 ids, brk 160 anon 12367 other 0, bit47 set 0, first 0x14c678002960 last 0x562c862c8ab8
2026-09-07T15:39:28.5822555Z    thread 2375: 13175 ids, brk 198 anon 12977 other 0, bit47 set 0, first 0x14c6780593e8 last 0x562c862f24d8
2026-09-07T15:39:28.5823049Z    thread 2376: 12392 ids, brk 193 anon 12199 other 0, bit47 set 0, first 0x14c678054f00 last 0x562c862f87e8
2026-09-07T15:39:28.5823537Z    thread 2377: 10689 ids, brk 184 anon 10505 other 0, bit47 set 0, first 0x14c6780299b0 last 0x562c862b6cf8
2026-09-07T15:39:28.5830965Z --- LD_PRELOAD=libjemalloc.so.2
2026-09-07T15:39:30.2939360Z == probe: Linux x86_64 | OpenJDK 64-Bit Server VM 21.0.12.1+1-LTS (?) | stack rlimit limited | LD_PRELOAD=/usr/lib/x86_64-linux-gnu/libjemalloc.so.2 | DYLD_INSERT_LIBRARIES=-
2026-09-07T15:39:30.2940290Z    launcher: PIE (ET_DYN)
2026-09-07T15:39:30.2940807Z    brk heap at 0x55c235c03000, this agent mapped at 0x7f248667b3d3, a stack var at 0x7f24861fb670
2026-09-07T15:39:30.2941452Z    ids: 213068 from 18 threads, min 0x7f240da89100 max 0x7f24857efc40
2026-09-07T15:39:30.2941943Z    low 3 bits: 0:213068 1:0 2:0 3:0 4:0 5:0 6:0 7:0
2026-09-07T15:39:30.2942328Z    bit47 set: 0  bit46 set: 213068  bit40 set: 213068
2026-09-07T15:39:30.2942855Z    regions: brk-heap 0, anon-mmap 213068, file 0, stack 0, other 0, no-mapping 0
2026-09-07T15:39:30.2943592Z    thread 2387: 11880 ids, brk 0 anon 11880 other 0, bit47 set 0, first 0x7f240dd3d380 last 0x7f248561e138
2026-09-07T15:39:30.2944465Z    thread 2403: 48 ids, brk 0 anon 48 other 0, bit47 set 0, first 0x7f24622d6050 last 0x7f24623320d0
2026-09-07T15:39:30.2945002Z    thread 2408: 11530 ids, brk 0 anon 11530 other 0, bit47 set 0, first 0x7f240dd1d398 last 0x7f24857a8a38
2026-09-07T15:39:30.2945467Z    thread 2409: 12292 ids, brk 0 anon 12292 other 0, bit47 set 0, first 0x7f240dd24c88 last 0x7f24857d5068
2026-09-07T15:39:30.2945903Z    thread 2410: 14406 ids, brk 0 anon 14406 other 0, bit47 set 0, first 0x7f240da8a3f0 last 0x7f248571ea78
2026-09-07T15:39:30.2946530Z    thread 2411: 10856 ids, brk 0 anon 10856 other 0, bit47 set 0, first 0x7f240dd1d390 last 0x7f24857a8ff0
2026-09-07T15:39:30.2946991Z    thread 2412: 12741 ids, brk 0 anon 12741 other 0, bit47 set 0, first 0x7f240dd24fd0 last 0x7f24857b2a90
2026-09-07T15:39:30.2947484Z    thread 2413: 12071 ids, brk 0 anon 12071 other 0, bit47 set 0, first 0x7f240da8a168 last 0x7f24857a8838
2026-09-07T15:39:30.2947945Z    thread 2414: 13862 ids, brk 0 anon 13862 other 0, bit47 set 0, first 0x7f240da89100 last 0x7f24857b1ef0
2026-09-07T15:39:30.2948389Z    thread 2415: 12428 ids, brk 0 anon 12428 other 0, bit47 set 0, first 0x7f240da8a128 last 0x7f24857a85f8
2026-09-07T15:39:30.2948847Z    thread 2416: 12494 ids, brk 0 anon 12494 other 0, bit47 set 0, first 0x7f240dd1dc70 last 0x7f24857a8fd8
2026-09-07T15:39:30.2949289Z    thread 2417: 12205 ids, brk 0 anon 12205 other 0, bit47 set 0, first 0x7f240dd2f328 last 0x7f24857dbe78
2026-09-07T15:39:30.2956764Z --- LD_PRELOAD=libtcmalloc.so.4
2026-09-07T15:39:32.2578922Z == probe: Linux x86_64 | OpenJDK 64-Bit Server VM 21.0.12.1+1-LTS (?) | stack rlimit limited | LD_PRELOAD=/usr/lib/x86_64-linux-gnu/libtcmalloc.so.4 | DYLD_INSERT_LIBRARIES=-
2026-09-07T15:39:32.2580500Z    launcher: PIE (ET_DYN)
2026-09-07T15:39:32.2580998Z    brk heap at 0x5587759a4000, this agent mapped at 0x7f6ca745c3d3, a stack var at 0x7f6ca57fc030
2026-09-07T15:39:32.2581584Z    ids: 213068 from 18 threads, min 0x55876de82100 max 0x5587759a3ff8
2026-09-07T15:39:32.2582001Z    low 3 bits: 0:213068 1:0 2:0 3:0 4:0 5:0 6:0 7:0
2026-09-07T15:39:32.2582353Z    bit47 set: 0  bit46 set: 213068  bit40 set: 213068
2026-09-07T15:39:32.2582816Z    regions: brk-heap 213068, anon-mmap 0, file 0, stack 0, other 0, no-mapping 0
2026-09-07T15:39:32.2583544Z    thread 2429: 11880 ids, brk 11880 anon 0 other 0, bit47 set 0, first 0x55876de82100 last 0x55877594bfc8
2026-09-07T15:39:32.2584385Z    thread 2445: 48 ids, brk 48 anon 0 other 0, bit47 set 0, first 0x55876def8290 last 0x55876ea20fb0
2026-09-07T15:39:32.2584850Z    thread 2450: 14091 ids, brk 14091 anon 0 other 0, bit47 set 0, first 0x55876dea7200 last 0x5587759a3a50
2026-09-07T15:39:32.2585326Z    thread 2451: 13966 ids, brk 13966 anon 0 other 0, bit47 set 0, first 0x55876dea8058 last 0x5587759a3f78
2026-09-07T15:39:32.2585776Z    thread 2452: 13562 ids, brk 13562 anon 0 other 0, bit47 set 0, first 0x55876e99ce80 last 0x5587759a2e78
2026-09-07T15:39:32.2586431Z    thread 2453: 12618 ids, brk 12618 anon 0 other 0, bit47 set 0, first 0x55876ea219e0 last 0x5587759a3ff8
2026-09-07T15:39:32.2586921Z    thread 2454: 11064 ids, brk 11064 anon 0 other 0, bit47 set 0, first 0x55876def9770 last 0x5587759a3a38
2026-09-07T15:39:32.2587374Z    thread 2455: 12882 ids, brk 12882 anon 0 other 0, bit47 set 0, first 0x55876defd8c0 last 0x5587759a2df8
2026-09-07T15:39:32.2587811Z    thread 2456: 12342 ids, brk 12342 anon 0 other 0, bit47 set 0, first 0x55876e99dd00 last 0x5587759a3fe8
2026-09-07T15:39:32.2588262Z    thread 2457: 10226 ids, brk 10226 anon 0 other 0, bit47 set 0, first 0x55876ea74ce8 last 0x5587759a3738
2026-09-07T15:39:32.2588708Z    thread 2458: 11865 ids, brk 11865 anon 0 other 0, bit47 set 0, first 0x55876defc9a0 last 0x5587759a3438
2026-09-07T15:39:32.2589153Z    thread 2459: 12332 ids, brk 12332 anon 0 other 0, bit47 set 0, first 0x55876def9740 last 0x5587759a3fb8
2026-09-07T15:39:32.2596945Z --- LD_PRELOAD=libmimalloc.so.2
2026-09-07T15:39:33.8235992Z == probe: Linux x86_64 | OpenJDK 64-Bit Server VM 21.0.12.1+1-LTS (?) | stack rlimit limited | LD_PRELOAD=/usr/lib/x86_64-linux-gnu/libmimalloc.so.2 | DYLD_INSERT_LIBRARIES=-
2026-09-07T15:39:33.8237027Z    launcher: PIE (ET_DYN)
2026-09-07T15:39:33.8237514Z    brk heap at 0x555951ca7000, this agent mapped at 0x7f27dbe183d3, a stack var at 0x7f27da5130b0
2026-09-07T15:39:33.8237942Z    ids: 213068 from 18 threads, min 0x56062013c00 max 0x560aa4679b8
2026-09-07T15:39:33.8238233Z    low 3 bits: 0:213068 1:0 2:0 3:0 4:0 5:0 6:0 7:0
2026-09-07T15:39:33.8238490Z    bit47 set: 0  bit46 set: 0  bit40 set: 213068
2026-09-07T15:39:33.8238805Z    regions: brk-heap 0, anon-mmap 213068, file 0, stack 0, other 0, no-mapping 0
2026-09-07T15:39:33.8239277Z    thread 2469: 11880 ids, brk 0 anon 11880 other 0, bit47 set 0, first 0x56062013c00 last 0x560820a0178
2026-09-07T15:39:33.8239802Z    thread 2485: 48 ids, brk 0 anon 48 other 0, bit47 set 0, first 0x56062096190 last 0x560820c00b0
2026-09-07T15:39:33.8240363Z    thread 2490: 12527 ids, brk 0 anon 12527 other 0, bit47 set 0, first 0x560620994a8 last 0x560aa4660a8
2026-09-07T15:39:33.8240822Z    thread 2491: 12617 ids, brk 0 anon 12617 other 0, bit47 set 0, first 0x5608c0d1018 last 0x560aa3f8218
2026-09-07T15:39:33.8241253Z    thread 2492: 11954 ids, brk 0 anon 11954 other 0, bit47 set 0, first 0x5608c094340 last 0x560aa4679a8
2026-09-07T15:39:33.8241697Z    thread 2493: 13542 ids, brk 0 anon 13542 other 0, bit47 set 0, first 0x5608c0d0b58 last 0x560aa3f6de8
2026-09-07T15:39:33.8242121Z    thread 2494: 11946 ids, brk 0 anon 11946 other 0, bit47 set 0, first 0x5608c0d0b78 last 0x560aa30dbb8
2026-09-07T15:39:33.8242805Z    thread 2495: 12941 ids, brk 0 anon 12941 other 0, bit47 set 0, first 0x56062098ff0 last 0x560aa316508
2026-09-07T15:39:33.8243243Z    thread 2496: 11998 ids, brk 0 anon 11998 other 0, bit47 set 0, first 0x5608c0d2970 last 0x560aa30f3d0
2026-09-07T15:39:33.8243798Z    thread 2497: 12044 ids, brk 0 anon 12044 other 0, bit47 set 0, first 0x5608c06aeb0 last 0x560aa3164c0
2026-09-07T15:39:33.8244226Z    thread 2498: 13731 ids, brk 0 anon 13731 other 0, bit47 set 0, first 0x5608c03e4b0 last 0x560aa3f2bb8
2026-09-07T15:39:33.8244649Z    thread 2499: 13002 ids, brk 0 anon 13002 other 0, bit47 set 0, first 0x5608c0d1ae0 last 0x560aa466098
2026-09-07T15:39:33.8252798Z --- LD_PRELOAD=libmimalloc.so.2.1
2026-09-07T15:39:35.5487658Z == probe: Linux x86_64 | OpenJDK 64-Bit Server VM 21.0.12.1+1-LTS (?) | stack rlimit limited | LD_PRELOAD=/usr/lib/x86_64-linux-gnu/libmimalloc.so.2.1 | DYLD_INSERT_LIBRARIES=-
2026-09-07T15:39:35.5488400Z    launcher: PIE (ET_DYN)
2026-09-07T15:39:35.5488747Z    brk heap at 0x55fc36371000, this agent mapped at 0x7fd3726d53d3, a stack var at 0x7fd370d130b0
2026-09-07T15:39:35.5489381Z    ids: 213068 from 18 threads, min 0x2e94e013c00 max 0x2e99665f5f8
2026-09-07T15:39:35.5489801Z    low 3 bits: 0:213068 1:0 2:0 3:0 4:0 5:0 6:0 7:0
2026-09-07T15:39:35.5490129Z    bit47 set: 0  bit46 set: 0  bit40 set: 0
2026-09-07T15:39:35.5490584Z    regions: brk-heap 0, anon-mmap 213068, file 0, stack 0, other 0, no-mapping 0
2026-09-07T15:39:35.5491278Z    thread 2509: 11880 ids, brk 0 anon 11880 other 0, bit47 set 0, first 0x2e94e013c00 last 0x2e96e0901b8
2026-09-07T15:39:35.5492013Z    thread 2525: 48 ids, brk 0 anon 48 other 0, bit47 set 0, first 0x2e94e096178 last 0x2e96e0901b0
2026-09-07T15:39:35.5492536Z    thread 2530: 12669 ids, brk 0 anon 12669 other 0, bit47 set 0, first 0x2e94e098fb0 last 0x2e9965c7938
2026-09-07T15:39:35.5492994Z    thread 2531: 13222 ids, brk 0 anon 13222 other 0, bit47 set 0, first 0x2e9780d01e0 last 0x2e996653fa8
2026-09-07T15:39:35.5493447Z    thread 2532: 11294 ids, brk 0 anon 11294 other 0, bit47 set 0, first 0x2e9780d3bd0 last 0x2e996620bb8
2026-09-07T15:39:35.5493891Z    thread 2533: 12701 ids, brk 0 anon 12701 other 0, bit47 set 0, first 0x2e9780d1fb0 last 0x2e99665b268
2026-09-07T15:39:35.5494419Z    thread 2534: 11921 ids, brk 0 anon 11921 other 0, bit47 set 0, first 0x2e9780d00d0 last 0x2e99665b258
2026-09-07T15:39:35.5495181Z    thread 2535: 12838 ids, brk 0 anon 12838 other 0, bit47 set 0, first 0x2e9780d4150 last 0x2e9965c6258
2026-09-07T15:39:35.5495841Z    thread 2536: 12102 ids, brk 0 anon 12102 other 0, bit47 set 0, first 0x2e978035888 last 0x2e9965c4a68
2026-09-07T15:39:35.5496709Z    thread 2537: 13062 ids, brk 0 anon 13062 other 0, bit47 set 0, first 0x2e9780d4460 last 0x2e9965c8178
2026-09-07T15:39:35.5497164Z    thread 2538: 12974 ids, brk 0 anon 12974 other 0, bit47 set 0, first 0x2e9780d1598 last 0x2e9966562b8
2026-09-07T15:39:35.5497650Z    thread 2539: 12814 ids, brk 0 anon 12814 other 0, bit47 set 0, first 0x2e978066c10 last 0x2e9965c4c58
